/Users/dmitriikonovalov/Library/Python/3.9/lib/python/site-packages/urllib3/__init__.py:35: NotOpenSSLWarning: urllib3 v2 only supports OpenSSL 1.1.1+, currently the 'ssl' module is compiled with 'LibreSSL 2.8.3'. See: https://github.com/urllib3/urllib3/issues/3020
  warnings.warn(
atanasyan79: ссылок 1431, уже есть 0
  25/1431
  50/1431
  75/1431
  100/1431
  125/1431
  150/1431
  175/1431
  200/1431
  225/1431
  250/1431
  275/1431
  300/1431
  325/1431
  350/1431
  375/1431
  400/1431
  425/1431
  450/1431
  475/1431
  500/1431
  525/1431
  550/1431
  575/1431
  600/1431
  625/1431
  650/1431
  675/1431
  700/1431
  725/1431
  750/1431
  775/1431
  800/1431
  825/1431
  850/1431
  875/1431
  900/1431
  925/1431
  950/1431
  975/1431
  1000/1431
  1025/1431
  1050/1431
  1075/1431
  1100/1431
  1125/1431
  1150/1431
  1175/1431
  1200/1431
  1225/1431
  1250/1431
  1275/1431
  1300/1431
  1325/1431
  1350/1431
  1375/1431
  1400/1431
  1425/1431
atanasyan79: готово 1431, с текстом ответа 1431
