/Users/dmitriikonovalov/Library/Python/3.9/lib/python/site-packages/urllib3/__init__.py:35: NotOpenSSLWarning: urllib3 v2 only supports OpenSSL 1.1.1+, currently the 'ssl' module is compiled with 'LibreSSL 2.8.3'. See: https://github.com/urllib3/urllib3/issues/3020
  warnings.warn(
atanasyan1011: ссылок 1062, уже есть 0
  25/1062
  50/1062
  75/1062
  100/1062
  125/1062
  150/1062
  175/1062
  200/1062
  225/1062
  250/1062
  275/1062
  300/1062
  325/1062
  350/1062
  375/1062
  400/1062
  425/1062
  450/1062
  475/1062
  500/1062
  525/1062
  550/1062
  575/1062
  600/1062
  625/1062
  650/1062
  675/1062
  700/1062
  725/1062
  750/1062
  775/1062
  800/1062
  825/1062
  850/1062
  875/1062
  900/1062
  925/1062
  950/1062
  975/1062
  1000/1062
  1025/1062
  1050/1062
atanasyan1011: готово 1062, с текстом ответа 197
