/Users/dmitriikonovalov/Library/Python/3.9/lib/python/site-packages/urllib3/__init__.py:35: NotOpenSSLWarning: urllib3 v2 only supports OpenSSL 1.1.1+, currently the 'ssl' module is compiled with 'LibreSSL 2.8.3'. See: https://github.com/urllib3/urllib3/issues/3020
  warnings.warn(
baranov7: ссылок 561, уже есть 0
  25/561
  50/561
  75/561
  100/561
  125/561
  150/561
  175/561
  200/561
  225/561
  250/561
  275/561
  300/561
  325/561
  350/561
  375/561
  400/561
  425/561
  450/561
  475/561
  500/561
  525/561
  550/561
baranov7: готово 561, с текстом ответа 560
