/Users/dmitriikonovalov/Library/Python/3.9/lib/python/site-packages/urllib3/__init__.py:35: NotOpenSSLWarning: urllib3 v2 only supports OpenSSL 1.1.1+, currently the 'ssl' module is compiled with 'LibreSSL 2.8.3'. See: https://github.com/urllib3/urllib3/issues/3020
  warnings.warn(
baranov6: ссылок 831, уже есть 0
  25/831
  50/831
  75/831
  100/831
  125/831
  150/831
  175/831
  200/831
  225/831
  250/831
  275/831
  300/831
  325/831
  350/831
  375/831
  400/831
  425/831
  450/831
  475/831
  500/831
  525/831
  550/831
  575/831
  600/831
  625/831
  650/831
  675/831
  700/831
  725/831
  750/831
  775/831
  800/831
  825/831
baranov6: готово 831, с текстом ответа 831
