/Users/dmitriikonovalov/Library/Python/3.9/lib/python/site-packages/urllib3/__init__.py:35: NotOpenSSLWarning: urllib3 v2 only supports OpenSSL 1.1.1+, currently the 'ssl' module is compiled with 'LibreSSL 2.8.3'. See: https://github.com/urllib3/urllib3/issues/3020
  warnings.warn(
gabrielyan11: ссылок 491, уже есть 0
  25/491
  50/491
  75/491
  100/491
  125/491
  150/491
  175/491
  200/491
  225/491
  250/491
  275/491
  300/491
  325/491
  350/491
  375/491
  400/491
  425/491
  450/491
  475/491
gabrielyan11: готово 491, с текстом ответа 306
