/Users/dmitriikonovalov/Library/Python/3.9/lib/python/site-packages/urllib3/__init__.py:35: NotOpenSSLWarning: urllib3 v2 only supports OpenSSL 1.1.1+, currently the 'ssl' module is compiled with 'LibreSSL 2.8.3'. See: https://github.com/urllib3/urllib3/issues/3020
  warnings.warn(
ladyzhenskaya8: ссылок 452, уже есть 0
  25/452
  50/452
  75/452
  100/452
  125/452
  150/452
  175/452
  200/452
  225/452
  250/452
  275/452
  300/452
  325/452
  350/452
  375/452
  400/452
  425/452
  450/452
ladyzhenskaya8: готово 452, с текстом ответа 451
