/Users/dmitriikonovalov/Library/Python/3.9/lib/python/site-packages/urllib3/__init__.py:35: NotOpenSSLWarning: urllib3 v2 only supports OpenSSL 1.1.1+, currently the 'ssl' module is compiled with 'LibreSSL 2.8.3'. See: https://github.com/urllib3/urllib3/issues/3020
  warnings.warn(
ladyzhenskaya5: ссылок 1082, уже есть 0
  25/1082
  50/1082
  75/1082
  100/1082
  125/1082
  150/1082
  175/1082
  200/1082
  225/1082
  250/1082
  275/1082
  300/1082
  325/1082
  350/1082
  375/1082
  400/1082
  425/1082
  450/1082
  475/1082
  500/1082
  525/1082
  550/1082
  575/1082
  600/1082
  625/1082
  650/1082
  675/1082
  700/1082
  725/1082
  750/1082
  775/1082
  800/1082
  825/1082
  850/1082
  875/1082
  900/1082
  925/1082
  950/1082
  975/1082
  1000/1082
  1025/1082
  1050/1082
  1075/1082
ladyzhenskaya5: готово 1082, с текстом ответа 1080
