/Users/dmitriikonovalov/Library/Python/3.9/lib/python/site-packages/urllib3/__init__.py:35: NotOpenSSLWarning: urllib3 v2 only supports OpenSSL 1.1.1+, currently the 'ssl' module is compiled with 'LibreSSL 2.8.3'. See: https://github.com/urllib3/urllib3/issues/3020
  warnings.warn(
makarychev9: ссылок 1109, уже есть 0
  25/1109
  50/1109
  75/1109
  100/1109
  125/1109
  150/1109
  175/1109
  200/1109
  225/1109
  250/1109
  275/1109
  300/1109
  325/1109
  350/1109
  375/1109
  400/1109
  425/1109
  450/1109
  475/1109
  500/1109
  525/1109
  550/1109
  575/1109
  600/1109
  625/1109
  650/1109
  675/1109
  700/1109
  725/1109
  750/1109
  775/1109
  800/1109
  825/1109
  850/1109
  875/1109
  900/1109
  925/1109
  950/1109
  975/1109
  1000/1109
  1025/1109
  1050/1109
  1075/1109
  1100/1109
makarychev9: готово 1109, с текстом ответа 1101
