/Users/dmitriikonovalov/Library/Python/3.9/lib/python/site-packages/urllib3/__init__.py:35: NotOpenSSLWarning: urllib3 v2 only supports OpenSSL 1.1.1+, currently the 'ssl' module is compiled with 'LibreSSL 2.8.3'. See: https://github.com/urllib3/urllib3/issues/3020
  warnings.warn(
makarychev8: ссылок 1356, уже есть 0
  25/1356
  50/1356
  75/1356
  100/1356
  125/1356
  150/1356
  175/1356
  200/1356
  225/1356
  250/1356
  275/1356
  300/1356
  325/1356
  350/1356
  375/1356
  400/1356
  425/1356
  450/1356
  475/1356
  500/1356
  525/1356
  550/1356
  575/1356
  600/1356
  625/1356
  650/1356
  675/1356
  700/1356
  725/1356
  750/1356
  775/1356
  800/1356
  825/1356
  850/1356
  875/1356
  900/1356
  925/1356
  950/1356
  975/1356
  1000/1356
  1025/1356
  1050/1356
  1075/1356
  1100/1356
  1125/1356
  1150/1356
  1175/1356
  1200/1356
  1225/1356
  1250/1356
  1275/1356
  1300/1356
  1325/1356
  1350/1356
makarychev8: готово 1356, с текстом ответа 1344
