/Users/dmitriikonovalov/Library/Python/3.9/lib/python/site-packages/urllib3/__init__.py:35: NotOpenSSLWarning: urllib3 v2 only supports OpenSSL 1.1.1+, currently the 'ssl' module is compiled with 'LibreSSL 2.8.3'. See: https://github.com/urllib3/urllib3/issues/3020
  warnings.warn(
makarychev7: ссылок 1259, уже есть 0
  25/1259
  50/1259
  75/1259
  100/1259
  125/1259
  150/1259
  175/1259
  200/1259
  225/1259
  250/1259
  275/1259
  300/1259
  325/1259
  350/1259
  375/1259
  400/1259
  425/1259
  450/1259
  475/1259
  500/1259
  525/1259
  550/1259
  575/1259
  600/1259
  625/1259
  650/1259
  675/1259
  700/1259
  725/1259
  750/1259
  775/1259
  800/1259
  825/1259
  850/1259
  875/1259
  900/1259
  925/1259
  950/1259
  975/1259
  1000/1259
  1025/1259
  1050/1259
  1075/1259
  1100/1259
  1125/1259
  1150/1259
  1175/1259
  1200/1259
  1225/1259
  1250/1259
makarychev7: готово 1259, с текстом ответа 1257
