/Users/dmitriikonovalov/Library/Python/3.9/lib/python/site-packages/urllib3/__init__.py:35: NotOpenSSLWarning: urllib3 v2 only supports OpenSSL 1.1.1+, currently the 'ssl' module is compiled with 'LibreSSL 2.8.3'. See: https://github.com/urllib3/urllib3/issues/3020
  warnings.warn(
merzlyak8a: ссылок 1170, уже есть 0
  25/1170
  50/1170
  75/1170
  100/1170
  125/1170
  150/1170
  175/1170
  200/1170
  225/1170
  250/1170
  275/1170
  300/1170
  325/1170
  350/1170
  375/1170
  400/1170
  425/1170
  450/1170
  475/1170
  500/1170
  525/1170
  550/1170
  575/1170
  600/1170
  625/1170
  650/1170
  675/1170
  700/1170
  725/1170
  750/1170
  775/1170
  800/1170
  825/1170
  850/1170
  875/1170
  900/1170
  925/1170
  950/1170
  975/1170
  1000/1170
  1025/1170
  1050/1170
  1075/1170
  1100/1170
  1125/1170
  1150/1170
merzlyak8a: готово 1170, с текстом ответа 1170
