/Users/dmitriikonovalov/Library/Python/3.9/lib/python/site-packages/urllib3/__init__.py:35: NotOpenSSLWarning: urllib3 v2 only supports OpenSSL 1.1.1+, currently the 'ssl' module is compiled with 'LibreSSL 2.8.3'. See: https://github.com/urllib3/urllib3/issues/3020
  warnings.warn(
merzlyak6: ссылок 2083, уже есть 0
  25/2083
  50/2083
  75/2083
  100/2083
  125/2083
  150/2083
  175/2083
  200/2083
  225/2083
  250/2083
  275/2083
  300/2083
  325/2083
  350/2083
  375/2083
  400/2083
  425/2083
  450/2083
  475/2083
  500/2083
  525/2083
  550/2083
  575/2083
  600/2083
  625/2083
  650/2083
  675/2083
  700/2083
  725/2083
  750/2083
  775/2083
  800/2083
  825/2083
  850/2083
  875/2083
  900/2083
  925/2083
  950/2083
  975/2083
  1000/2083
  1025/2083
  1050/2083
  1075/2083
  1100/2083
  1125/2083
  1150/2083
  1175/2083
  1200/2083
  1225/2083
  1250/2083
  1275/2083
  1300/2083
  1325/2083
  1350/2083
  1375/2083
  1400/2083
  1425/2083
  1450/2083
  1475/2083
merzlyak6: готово 1499, с текстом ответа 810
