/Users/dmitriikonovalov/Library/Python/3.9/lib/python/site-packages/urllib3/__init__.py:35: NotOpenSSLWarning: urllib3 v2 only supports OpenSSL 1.1.1+, currently the 'ssl' module is compiled with 'LibreSSL 2.8.3'. See: https://github.com/urllib3/urllib3/issues/3020
  warnings.warn(
merzlyak7a: ссылок 1857, уже есть 0
  25/1857
  50/1857
  75/1857
  100/1857
  125/1857
  150/1857
  175/1857
  200/1857
  225/1857
  250/1857
  275/1857
  300/1857
  325/1857
  350/1857
  375/1857
  400/1857
  425/1857
  450/1857
  475/1857
  500/1857
  525/1857
  550/1857
  575/1857
  600/1857
  625/1857
  650/1857
  675/1857
  700/1857
  725/1857
  750/1857
  775/1857
  800/1857
  825/1857
  850/1857
  875/1857
  900/1857
  925/1857
  950/1857
  975/1857
  1000/1857
  1025/1857
  1050/1857
  1075/1857
  1100/1857
  1125/1857
  1150/1857
  1175/1857
  1200/1857
  1225/1857
  1250/1857
  1275/1857
  1300/1857
  1325/1857
  1350/1857
  1375/1857
  1400/1857
  1425/1857
  1450/1857
  1475/1857
  1500/1857
  1525/1857
  1550/1857
  1575/1857
  1600/1857
  1625/1857
  1650/1857
  1675/1857
  1700/1857
  1725/1857
  1750/1857
  1775/1857
  1800/1857
  1825/1857
  1850/1857
merzlyak7a: готово 1857, с текстом ответа 1702
