/Users/dmitriikonovalov/Library/Python/3.9/lib/python/site-packages/urllib3/__init__.py:35: NotOpenSSLWarning: urllib3 v2 only supports OpenSSL 1.1.1+, currently the 'ssl' module is compiled with 'LibreSSL 2.8.3'. See: https://github.com/urllib3/urllib3/issues/3020
  warnings.warn(
merzlyak5: ссылок 1562, уже есть 0
  25/1562
  50/1562
  75/1562
  100/1562
  125/1562
  150/1562
  175/1562
  200/1562
  225/1562
  250/1562
  275/1562
  300/1562
  325/1562
  350/1562
  375/1562
  400/1562
  425/1562
  450/1562
  475/1562
  500/1562
  525/1562
  550/1562
  575/1562
  600/1562
  625/1562
  650/1562
  675/1562
  700/1562
  725/1562
  750/1562
  775/1562
  800/1562
  825/1562
  850/1562
  875/1562
  900/1562
  925/1562
  950/1562
  975/1562
  1000/1562
  1025/1562
  1050/1562
  1075/1562
  1100/1562
  1125/1562
  1150/1562
  1175/1562
  1200/1562
  1225/1562
  1250/1562
  1275/1562
  1300/1562
  1325/1562
  1350/1562
  1375/1562
  1400/1562
  1425/1562
  1450/1562
  1475/1562
  1500/1562
  1525/1562
  1550/1562
merzlyak5: готово 1562, с текстом ответа 1561
