/Users/dmitriikonovalov/Library/Python/3.9/lib/python/site-packages/urllib3/__init__.py:35: NotOpenSSLWarning: urllib3 v2 only supports OpenSSL 1.1.1+, currently the 'ssl' module is compiled with 'LibreSSL 2.8.3'. See: https://github.com/urllib3/urllib3/issues/3020
  warnings.warn(
merzlyak9a: ссылок 1161, уже есть 0
  25/1161
  50/1161
  75/1161
  100/1161
  125/1161
  150/1161
  175/1161
  200/1161
  225/1161
  250/1161
  275/1161
  300/1161
  325/1161
  350/1161
  375/1161
  400/1161
  425/1161
  450/1161
  475/1161
  500/1161
  525/1161
  550/1161
  575/1161
  600/1161
  625/1161
  650/1161
  675/1161
  700/1161
  725/1161
  750/1161
  775/1161
  800/1161
  825/1161
  850/1161
  875/1161
  900/1161
  925/1161
  950/1161
  975/1161
  1000/1161
  1025/1161
  1050/1161
  1075/1161
  1100/1161
  1125/1161
  1150/1161
merzlyak9a: готово 1161, с текстом ответа 1154
