/Users/dmitriikonovalov/Library/Python/3.9/lib/python/site-packages/urllib3/__init__.py:35: NotOpenSSLWarning: urllib3 v2 only supports OpenSSL 1.1.1+, currently the 'ssl' module is compiled with 'LibreSSL 2.8.3'. See: https://github.com/urllib3/urllib3/issues/3020
  warnings.warn(
vilenkin6prosv: ссылок 1925, уже есть 0
  25/1925
  50/1925
  75/1925
  100/1925
  125/1925
  150/1925
  175/1925
  200/1925
  225/1925
  250/1925
  275/1925
  300/1925
  325/1925
  350/1925
  375/1925
  400/1925
  425/1925
  450/1925
  475/1925
  500/1925
  525/1925
  550/1925
  575/1925
  600/1925
  625/1925
  650/1925
  675/1925
  700/1925
  725/1925
  750/1925
  775/1925
  800/1925
  825/1925
  850/1925
  875/1925
  900/1925
  925/1925
  950/1925
  975/1925
  1000/1925
  1025/1925
  1050/1925
  1075/1925
  1100/1925
  1125/1925
  1150/1925
  1175/1925
  1200/1925
  1225/1925
  1250/1925
  1275/1925
  1300/1925
  1325/1925
  1350/1925
  1375/1925
  1400/1925
  1425/1925
  1450/1925
  1475/1925
  1500/1925
  1525/1925
  1550/1925
  1575/1925
  1600/1925
  fail 6-21
  fail 6-22
  fail 6-23
  fail 6-24
  fail 6-25
  fail 6-26
  fail 6-27
  fail 6-28
  fail 6-29
  fail 6-30
  fail 6-31
  fail 6-32
  fail 6-33
  fail 6-34
  fail 6-35
  fail 6-36
  fail 6-37
  fail 6-38
  fail 6-39
  fail 6-40
  fail 6-41
  fail 6-42
  fail 6-43
  fail 6-44
  fail self42
  fail 6-45
  fail 6-46
  fail 6-47
  fail 6-48
  fail 6-49
  fail 6-50
  fail 6-51
  fail 6-52
  fail 6-53
  fail 6-54
  fail 6-55
  fail 6-56
  fail 6-57
  fail 6-58
  fail 6-59
  fail 6-60
  fail 6-61
  fail 6-62
  fail 6-63
  fail 6-64
  fail 6-65
  fail 6-66
  fail 6-67
  fail 6-68
  fail 6-69
  fail 6-70
  fail 6-71
  fail 6-72
  fail 6-73
  fail 6-74
  fail 6-75
  fail 6-76
  fail 6-77
  fail 6-78
  1700/1925
  1725/1925
  1750/1925
  1775/1925
  1800/1925
  1825/1925
  1850/1925
  1875/1925
  1900/1925
  1925/1925
vilenkin6prosv: готово 1866, с текстом ответа 1866
