/Users/dmitriikonovalov/Library/Python/3.9/lib/python/site-packages/urllib3/__init__.py:35: NotOpenSSLWarning: urllib3 v2 only supports OpenSSL 1.1.1+, currently the 'ssl' module is compiled with 'LibreSSL 2.8.3'. See: https://github.com/urllib3/urllib3/issues/3020
  warnings.warn(
vilenkin6prosv_rev: ссылок 1925, уже есть 0
  25/1925
  50/1925
  75/1925
  100/1925
  125/1925
  150/1925
  175/1925
  200/1925
  225/1925
  250/1925
  275/1925
  300/1925
  325/1925
  350/1925
  375/1925
  400/1925
  425/1925
  450/1925
  475/1925
  500/1925
  525/1925
  550/1925
  575/1925
  600/1925
  625/1925
  650/1925
  675/1925
  700/1925
  725/1925
  750/1925
  775/1925
  800/1925
  825/1925
  850/1925
  875/1925
  900/1925
  925/1925
  950/1925
  975/1925
  1000/1925
  1025/1925
  1050/1925
  1075/1925
  1100/1925
  1125/1925
  1150/1925
  1175/1925
  1200/1925
  1225/1925
  1250/1925
  1275/1925
  1300/1925
  fail 2-401
  fail 2-400
  fail 2-399
  fail 2-398
  fail 2-397
  fail 2-396
  fail 2-395
  fail 2-394
  fail 2-393
  fail 2-392
  fail 2-391
  fail 2-390
  fail 2-389
  fail 2-388
  fail 2-387
  fail 2-386
  fail 2-385
  fail 2-384
  fail 2-383
  fail 2-382
  fail 2-381
  fail 2-380
  fail 2-379
  fail 2-378
  fail 2-377
  fail 2-376
  fail 2-375
  fail 2-374
  fail 2-373
  fail 2-372
  fail 2-371
  fail 2-370
  fail 2-369
  fail 2-368
  fail 2-367
  fail 2-366
  fail 2-365
  fail 2-364
  fail self13
  fail 2-363
  fail 2-362
  fail 2-361
  fail 2-360
  fail 2-359
  fail 2-358
  fail 2-357
  fail 2-356
  fail 2-355
  fail 2-354
  fail 2-353
  fail 2-352
  fail 2-351
  fail 2-350
  fail 2-349
  fail 2-348
  fail 2-347
  fail 2-346
  fail 2-345
  fail 2-344
  1375/1925
  1400/1925
  1425/1925
  1450/1925
  1475/1925
  1500/1925
  1525/1925
  1550/1925
  1575/1925
  1600/1925
  1625/1925
  1650/1925
  1675/1925
  1700/1925
  1725/1925
  1750/1925
  1775/1925
  1800/1925
  1825/1925
  1850/1925
  1875/1925
  1900/1925
  1925/1925
vilenkin6prosv_rev: готово 1866, с текстом ответа 1866
